// Jest Snapshot v1, https://goo.gl/fbAQLP

exports[`renders correctly 1`] = `
<View
  style={
    Object {
      "alignItems": "center",
      "flex": 1,
      "justifyContent": "center",
    }
  }
>
  <View
    accessibilityRole="button"
    accessibilityState={Object {}}
    accessible={true}
    focusable={true}
    onClick={[Function]}
    onResponderGrant={[Function]}
    onResponderMove={[Function]}
    onResponderRelease={[Function]}
    onResponderTerminate={[Function]}
    onResponderTerminationRequest={[Function]}
    onStartShouldSetResponder={[Function]}
    style={
      Object {
        "opacity": 1,
      }
    }
  >
    <View
      style={
        Array [
          Object {},
        ]
      }
    >
      <Text
        style={
          Array [
            Object {
              "color": "#007AFF",
              "fontSize": 18,
              "margin": 8,
              "textAlign": "center",
            },
          ]
        }
      >
        Go back home
      </Text>
    </View>
  </View>
  <View
    style={
      Object {
        "marginTop": 20,
      }
    }
  >
    <View
      style={
        Object {
          "marginBottom": 20,
        }
      }
    >
      <Text>
        Counter value: 
        0
      </Text>
    </View>
    <View
      accessibilityRole="button"
      accessibilityState={Object {}}
      accessible={true}
      focusable={true}
      onClick={[Function]}
      onResponderGrant={[Function]}
      onResponderMove={[Function]}
      onResponderRelease={[Function]}
      onResponderTerminate={[Function]}
      onResponderTerminationRequest={[Function]}
      onStartShouldSetResponder={[Function]}
      style={
        Object {
          "opacity": 1,
        }
      }
    >
      <View
        style={
          Array [
            Object {},
          ]
        }
      >
        <Text
          style={
            Array [
              Object {
                "color": "#007AFF",
                "fontSize": 18,
                "margin": 8,
                "textAlign": "center",
              },
            ]
          }
        >
          Increment Counter
        </Text>
      </View>
    </View>
    <View
      style={
        Object {
          "marginTop": 10,
        }
      }
    >
      <View
        accessibilityRole="button"
        accessibilityState={Object {}}
        accessible={true}
        focusable={true}
        onClick={[Function]}
        onResponderGrant={[Function]}
        onResponderMove={[Function]}
        onResponderRelease={[Function]}
        onResponderTerminate={[Function]}
        onResponderTerminationRequest={[Function]}
        onStartShouldSetResponder={[Function]}
        style={
          Object {
            "opacity": 1,
          }
        }
      >
        <View
          style={
            Array [
              Object {},
            ]
          }
        >
          <Text
            style={
              Array [
                Object {
                  "color": "#007AFF",
                  "fontSize": 18,
                  "margin": 8,
                  "textAlign": "center",
                },
              ]
            }
          >
            Reset Counter
          </Text>
        </View>
      </View>
    </View>
  </View>
</View>
`;
